<?xml version="1.0" encoding="UTF-8"?>
<TestRun id="1a60cdf4-f0f9-4cd3-b2fb-9af257f7e2c8" name="Mohit@ROCKY 2012-05-07 16:23:56" runUser="Rocky\Mohit" xmlns="http://microsoft.com/schemas/VisualStudio/TeamTest/2006">
  <TestRunConfiguration name="Local Test Run" id="1bf5c6e0-5b6e-45e6-9274-68f6d7d21530">
    <Description>This is a default test run configuration for a local test run.</Description>
    <Deployment runDeploymentRoot="C:\Users\Mohit\Desktop\BillingAssignment\Billing System\TestResults\Mohit_ROCKY 2012-05-07 16_23_56">
      <DeploymentItem filename="C:\Users\Mohit\Desktop\BillingAssignment\Billing System\bin\Debug\Billing System.exe" />
    </Deployment>
    <TestTypeSpecific />
  </TestRunConfiguration>
  <ResultSummary outcome="Completed">
    <Counters total="28" executed="28" passed="28" error="0" failed="0" timeout="0" aborted="0" inconclusive="0" passedButRunAborted="0" notRunnable="0" notExecuted="0" disconnected="0" warning="0" completed="0" inProgress="0" pending="0" />
  </ResultSummary>
  <Times creation="2012-05-07T16:23:56.1700863+05:30" queuing="2012-05-07T16:23:57.1440863+05:30" start="2012-05-07T16:23:57.3490863+05:30" finish="2012-05-07T16:23:58.5170863+05:30" />
  <TestDefinitions>
    <UnitTest name="GetNetPayableAmountForOldCustomerTest7" storage="c:\users\mohit\desktop\billingassignment\billingsystemtest\bin\debug\billingsystemtest.dll" id="f0363f9a-f46f-f390-acb9-76ed748600ec">
      <Css projectStructure="" iteration="" />
      <Owners>
        <Owner name="" />
      </Owners>
      <Execution id="16cc70ea-860d-4e15-997e-98296a7a8f9e" />
      <TestMethod codeBase="C:\Users\Mohit\Desktop\BillingAssignment\BillingSystemTest\bin\Debug\BillingSystemTest.dll" adapterTypeName="Microsoft.VisualStudio.TestTools.TestTypes.Unit.UnitTestAdapter, Microsoft.VisualStudio.QualityTools.Tips.UnitTest.Adapter, Version=9.0.0.0, Culture=neutral, PublicKeyToken=b03f5f7f11d50a3a" className="BillingSystemTest.BillingTest, BillingSystemTest" name="GetNetPayableAmountForOldCustomerTest7" />
    </UnitTest>
    <UnitTest name="GetNetPayableAmountForEmployeeTest5" storage="c:\users\mohit\desktop\billingassignment\billingsystemtest\bin\debug\billingsystemtest.dll" id="afa450e5-e425-6551-ae4a-c2b96d7c9af2">
      <Css projectStructure="" iteration="" />
      <Owners>
        <Owner name="" />
      </Owners>
      <Execution id="478ec827-37cb-4b60-9fe9-a5756f0e2f2e" />
      <TestMethod codeBase="C:\Users\Mohit\Desktop\BillingAssignment\BillingSystemTest\bin\Debug\BillingSystemTest.dll" adapterTypeName="Microsoft.VisualStudio.TestTools.TestTypes.Unit.UnitTestAdapter, Microsoft.VisualStudio.QualityTools.Tips.UnitTest.Adapter, Version=9.0.0.0, Culture=neutral, PublicKeyToken=b03f5f7f11d50a3a" className="BillingSystemTest.BillingTest, BillingSystemTest" name="GetNetPayableAmountForEmployeeTest5" />
    </UnitTest>
    <UnitTest name="GetNetPayableAmountForAffiliateTest6" storage="c:\users\mohit\desktop\billingassignment\billingsystemtest\bin\debug\billingsystemtest.dll" id="d281be4e-8b53-7424-538e-c01cc836e4af">
      <Css projectStructure="" iteration="" />
      <Owners>
        <Owner name="" />
      </Owners>
      <Execution id="077847bc-020a-4fca-8d2c-0faecfcb6a98" />
      <TestMethod codeBase="C:\Users\Mohit\Desktop\BillingAssignment\BillingSystemTest\bin\Debug\BillingSystemTest.dll" adapterTypeName="Microsoft.VisualStudio.TestTools.TestTypes.Unit.UnitTestAdapter, Microsoft.VisualStudio.QualityTools.Tips.UnitTest.Adapter, Version=9.0.0.0, Culture=neutral, PublicKeyToken=b03f5f7f11d50a3a" className="BillingSystemTest.BillingTest, BillingSystemTest" name="GetNetPayableAmountForAffiliateTest6" />
    </UnitTest>
    <UnitTest name="GetNetPayableAmountForAffiliateTest7" storage="c:\users\mohit\desktop\billingassignment\billingsystemtest\bin\debug\billingsystemtest.dll" id="ed129598-1766-8f31-57dd-1b937d7bead6">
      <Css projectStructure="" iteration="" />
      <Owners>
        <Owner name="" />
      </Owners>
      <Execution id="0e29a92f-4979-4c57-931f-9d3246a3e5ad" />
      <TestMethod codeBase="C:\Users\Mohit\Desktop\BillingAssignment\BillingSystemTest\bin\Debug\BillingSystemTest.dll" adapterTypeName="Microsoft.VisualStudio.TestTools.TestTypes.Unit.UnitTestAdapter, Microsoft.VisualStudio.QualityTools.Tips.UnitTest.Adapter, Version=9.0.0.0, Culture=neutral, PublicKeyToken=b03f5f7f11d50a3a" className="BillingSystemTest.BillingTest, BillingSystemTest" name="GetNetPayableAmountForAffiliateTest7" />
    </UnitTest>
    <UnitTest name="GetNetPayableAmountForAffiliateTest1" storage="c:\users\mohit\desktop\billingassignment\billingsystemtest\bin\debug\billingsystemtest.dll" id="ec0043ce-d399-167e-fa7e-c22cc11c3609">
      <Css projectStructure="" iteration="" />
      <Owners>
        <Owner name="" />
      </Owners>
      <Execution id="08683a61-e167-4e8d-b3e8-cfcec243497a" />
      <TestMethod codeBase="C:\Users\Mohit\Desktop\BillingAssignment\BillingSystemTest\bin\Debug\BillingSystemTest.dll" adapterTypeName="Microsoft.VisualStudio.TestTools.TestTypes.Unit.UnitTestAdapter, Microsoft.VisualStudio.QualityTools.Tips.UnitTest.Adapter, Version=9.0.0.0, Culture=neutral, PublicKeyToken=b03f5f7f11d50a3a" className="BillingSystemTest.BillingTest, BillingSystemTest" name="GetNetPayableAmountForAffiliateTest1" />
    </UnitTest>
    <UnitTest name="GetNetPayableAmountForNewCustomerTest7" storage="c:\users\mohit\desktop\billingassignment\billingsystemtest\bin\debug\billingsystemtest.dll" id="0c808958-6382-0cc6-29a1-012b8a660ebf">
      <Css projectStructure="" iteration="" />
      <Owners>
        <Owner name="" />
      </Owners>
      <Execution id="4a6ad046-f49d-4964-acc5-7a718f4f0c05" />
      <TestMethod codeBase="C:\Users\Mohit\Desktop\BillingAssignment\BillingSystemTest\bin\Debug\BillingSystemTest.dll" adapterTypeName="Microsoft.VisualStudio.TestTools.TestTypes.Unit.UnitTestAdapter, Microsoft.VisualStudio.QualityTools.Tips.UnitTest.Adapter, Version=9.0.0.0, Culture=neutral, PublicKeyToken=b03f5f7f11d50a3a" className="BillingSystemTest.BillingTest, BillingSystemTest" name="GetNetPayableAmountForNewCustomerTest7" />
    </UnitTest>
    <UnitTest name="GetNetPayableAmountForNewCustomerTest1" storage="c:\users\mohit\desktop\billingassignment\billingsystemtest\bin\debug\billingsystemtest.dll" id="7498fcef-b32e-381e-8e8d-69142405f1c6">
      <Css projectStructure="" iteration="" />
      <Owners>
        <Owner name="" />
      </Owners>
      <Execution id="588f7cd2-a9f0-40fc-8a3f-4bfa2fea82ac" />
      <TestMethod codeBase="C:\Users\Mohit\Desktop\BillingAssignment\BillingSystemTest\bin\Debug\BillingSystemTest.dll" adapterTypeName="Microsoft.VisualStudio.TestTools.TestTypes.Unit.UnitTestAdapter, Microsoft.VisualStudio.QualityTools.Tips.UnitTest.Adapter, Version=9.0.0.0, Culture=neutral, PublicKeyToken=b03f5f7f11d50a3a" className="BillingSystemTest.BillingTest, BillingSystemTest" name="GetNetPayableAmountForNewCustomerTest1" />
    </UnitTest>
    <UnitTest name="GetNetPayableAmountForNewCustomerTest6" storage="c:\users\mohit\desktop\billingassignment\billingsystemtest\bin\debug\billingsystemtest.dll" id="1eef37f2-0d42-431e-1fda-2c31a44807f0">
      <Css projectStructure="" iteration="" />
      <Owners>
        <Owner name="" />
      </Owners>
      <Execution id="7c36ed34-0ce2-4a0c-8e32-c138a85000e5" />
      <TestMethod codeBase="C:\Users\Mohit\Desktop\BillingAssignment\BillingSystemTest\bin\Debug\BillingSystemTest.dll" adapterTypeName="Microsoft.VisualStudio.TestTools.TestTypes.Unit.UnitTestAdapter, Microsoft.VisualStudio.QualityTools.Tips.UnitTest.Adapter, Version=9.0.0.0, Culture=neutral, PublicKeyToken=b03f5f7f11d50a3a" className="BillingSystemTest.BillingTest, BillingSystemTest" name="GetNetPayableAmountForNewCustomerTest6" />
    </UnitTest>
    <UnitTest name="GetNetPayableAmountForOldCustomerTest6" storage="c:\users\mohit\desktop\billingassignment\billingsystemtest\bin\debug\billingsystemtest.dll" id="b4844ae5-6ae3-5b21-90f2-d5409585adcc">
      <Css projectStructure="" iteration="" />
      <Owners>
        <Owner name="" />
      </Owners>
      <Execution id="b61613bc-2088-4dcc-b67d-f9af620c4921" />
      <TestMethod codeBase="C:\Users\Mohit\Desktop\BillingAssignment\BillingSystemTest\bin\Debug\BillingSystemTest.dll" adapterTypeName="Microsoft.VisualStudio.TestTools.TestTypes.Unit.UnitTestAdapter, Microsoft.VisualStudio.QualityTools.Tips.UnitTest.Adapter, Version=9.0.0.0, Culture=neutral, PublicKeyToken=b03f5f7f11d50a3a" className="BillingSystemTest.BillingTest, BillingSystemTest" name="GetNetPayableAmountForOldCustomerTest6" />
    </UnitTest>
    <UnitTest name="GetNetPayableAmountForAffiliateTest2" storage="c:\users\mohit\desktop\billingassignment\billingsystemtest\bin\debug\billingsystemtest.dll" id="ad26a200-cf7e-af92-62b4-82a873efa71c">
      <Css projectStructure="" iteration="" />
      <Owners>
        <Owner name="" />
      </Owners>
      <Execution id="b1f7e0e8-75bf-470d-b606-58a35430c123" />
      <TestMethod codeBase="C:\Users\Mohit\Desktop\BillingAssignment\BillingSystemTest\bin\Debug\BillingSystemTest.dll" adapterTypeName="Microsoft.VisualStudio.TestTools.TestTypes.Unit.UnitTestAdapter, Microsoft.VisualStudio.QualityTools.Tips.UnitTest.Adapter, Version=9.0.0.0, Culture=neutral, PublicKeyToken=b03f5f7f11d50a3a" className="BillingSystemTest.BillingTest, BillingSystemTest" name="GetNetPayableAmountForAffiliateTest2" />
    </UnitTest>
    <UnitTest name="GetNetPayableAmountForOldCustomerTest1" storage="c:\users\mohit\desktop\billingassignment\billingsystemtest\bin\debug\billingsystemtest.dll" id="6f2ccb11-3f16-d7c9-56c7-2166695b1451">
      <Css projectStructure="" iteration="" />
      <Owners>
        <Owner name="" />
      </Owners>
      <Execution id="3dc6bd18-e1e3-4e5d-935f-d82ee4523955" />
      <TestMethod codeBase="C:\Users\Mohit\Desktop\BillingAssignment\BillingSystemTest\bin\Debug\BillingSystemTest.dll" adapterTypeName="Microsoft.VisualStudio.TestTools.TestTypes.Unit.UnitTestAdapter, Microsoft.VisualStudio.QualityTools.Tips.UnitTest.Adapter, Version=9.0.0.0, Culture=neutral, PublicKeyToken=b03f5f7f11d50a3a" className="BillingSystemTest.BillingTest, BillingSystemTest" name="GetNetPayableAmountForOldCustomerTest1" />
    </UnitTest>
    <UnitTest name="GetNetPayableAmountForNewCustomerTest2" storage="c:\users\mohit\desktop\billingassignment\billingsystemtest\bin\debug\billingsystemtest.dll" id="6ea096e4-116e-44fe-5b0d-f9b384ccc2f1">
      <Css projectStructure="" iteration="" />
      <Owners>
        <Owner name="" />
      </Owners>
      <Execution id="be5e10a6-acc8-40fe-9f69-68c5ba5215a0" />
      <TestMethod codeBase="C:\Users\Mohit\Desktop\BillingAssignment\BillingSystemTest\bin\Debug\BillingSystemTest.dll" adapterTypeName="Microsoft.VisualStudio.TestTools.TestTypes.Unit.UnitTestAdapter, Microsoft.VisualStudio.QualityTools.Tips.UnitTest.Adapter, Version=9.0.0.0, Culture=neutral, PublicKeyToken=b03f5f7f11d50a3a" className="BillingSystemTest.BillingTest, BillingSystemTest" name="GetNetPayableAmountForNewCustomerTest2" />
    </UnitTest>
    <UnitTest name="GetNetPayableAmountForOldCustomerTest3" storage="c:\users\mohit\desktop\billingassignment\billingsystemtest\bin\debug\billingsystemtest.dll" id="df15e071-e3e2-946d-1d66-be86fb09a02c">
      <Css projectStructure="" iteration="" />
      <Owners>
        <Owner name="" />
      </Owners>
      <Execution id="063b3b3c-6fa7-4a1c-b113-0167447156b2" />
      <TestMethod codeBase="C:\Users\Mohit\Desktop\BillingAssignment\BillingSystemTest\bin\Debug\BillingSystemTest.dll" adapterTypeName="Microsoft.VisualStudio.TestTools.TestTypes.Unit.UnitTestAdapter, Microsoft.VisualStudio.QualityTools.Tips.UnitTest.Adapter, Version=9.0.0.0, Culture=neutral, PublicKeyToken=b03f5f7f11d50a3a" className="BillingSystemTest.BillingTest, BillingSystemTest" name="GetNetPayableAmountForOldCustomerTest3" />
    </UnitTest>
    <UnitTest name="GetNetPayableAmountForEmployeeTest7" storage="c:\users\mohit\desktop\billingassignment\billingsystemtest\bin\debug\billingsystemtest.dll" id="300606c3-33e3-aec8-f796-6a016df93860">
      <Css projectStructure="" iteration="" />
      <Owners>
        <Owner name="" />
      </Owners>
      <Execution id="2a121d4d-8ad8-4325-8647-d12141cc11ea" />
      <TestMethod codeBase="C:\Users\Mohit\Desktop\BillingAssignment\BillingSystemTest\bin\Debug\BillingSystemTest.dll" adapterTypeName="Microsoft.VisualStudio.TestTools.TestTypes.Unit.UnitTestAdapter, Microsoft.VisualStudio.QualityTools.Tips.UnitTest.Adapter, Version=9.0.0.0, Culture=neutral, PublicKeyToken=b03f5f7f11d50a3a" className="BillingSystemTest.BillingTest, BillingSystemTest" name="GetNetPayableAmountForEmployeeTest7" />
    </UnitTest>
    <UnitTest name="GetNetPayableAmountForEmployeeTest1" storage="c:\users\mohit\desktop\billingassignment\billingsystemtest\bin\debug\billingsystemtest.dll" id="fd35dd91-ae60-7064-3deb-c3f9b2fb29d8">
      <Css projectStructure="" iteration="" />
      <Owners>
        <Owner name="" />
      </Owners>
      <Execution id="2434534a-4f36-496c-83ec-d57883b34967" />
      <TestMethod codeBase="C:\Users\Mohit\Desktop\BillingAssignment\BillingSystemTest\bin\Debug\BillingSystemTest.dll" adapterTypeName="Microsoft.VisualStudio.TestTools.TestTypes.Unit.UnitTestAdapter, Microsoft.VisualStudio.QualityTools.Tips.UnitTest.Adapter, Version=9.0.0.0, Culture=neutral, PublicKeyToken=b03f5f7f11d50a3a" className="BillingSystemTest.BillingTest, BillingSystemTest" name="GetNetPayableAmountForEmployeeTest1" />
    </UnitTest>
    <UnitTest name="GetNetPayableAmountForEmployeeTest4" storage="c:\users\mohit\desktop\billingassignment\billingsystemtest\bin\debug\billingsystemtest.dll" id="2c5fdff4-5410-05e0-c2c5-143de03fa61e">
      <Css projectStructure="" iteration="" />
      <Owners>
        <Owner name="" />
      </Owners>
      <Execution id="46f11d94-4560-4ed6-a4dd-b7f84d583070" />
      <TestMethod codeBase="C:\Users\Mohit\Desktop\BillingAssignment\BillingSystemTest\bin\Debug\BillingSystemTest.dll" adapterTypeName="Microsoft.VisualStudio.TestTools.TestTypes.Unit.UnitTestAdapter, Microsoft.VisualStudio.QualityTools.Tips.UnitTest.Adapter, Version=9.0.0.0, Culture=neutral, PublicKeyToken=b03f5f7f11d50a3a" className="BillingSystemTest.BillingTest, BillingSystemTest" name="GetNetPayableAmountForEmployeeTest4" />
    </UnitTest>
    <UnitTest name="GetNetPayableAmountForEmployeeTest6" storage="c:\users\mohit\desktop\billingassignment\billingsystemtest\bin\debug\billingsystemtest.dll" id="535e9d88-86a6-0b91-aee4-6133c5c45a12">
      <Css projectStructure="" iteration="" />
      <Owners>
        <Owner name="" />
      </Owners>
      <Execution id="7bc10a58-dda2-4d3f-bf26-613984f1bcc8" />
      <TestMethod codeBase="C:\Users\Mohit\Desktop\BillingAssignment\BillingSystemTest\bin\Debug\BillingSystemTest.dll" adapterTypeName="Microsoft.VisualStudio.TestTools.TestTypes.Unit.UnitTestAdapter, Microsoft.VisualStudio.QualityTools.Tips.UnitTest.Adapter, Version=9.0.0.0, Culture=neutral, PublicKeyToken=b03f5f7f11d50a3a" className="BillingSystemTest.BillingTest, BillingSystemTest" name="GetNetPayableAmountForEmployeeTest6" />
    </UnitTest>
    <UnitTest name="GetNetPayableAmountForOldCustomerTest4" storage="c:\users\mohit\desktop\billingassignment\billingsystemtest\bin\debug\billingsystemtest.dll" id="826cf97b-adf4-7c81-2034-a6c2f72e34c0">
      <Css projectStructure="" iteration="" />
      <Owners>
        <Owner name="" />
      </Owners>
      <Execution id="acb61cd7-3677-44b3-99c2-6342c26946fe" />
      <TestMethod codeBase="C:\Users\Mohit\Desktop\BillingAssignment\BillingSystemTest\bin\Debug\BillingSystemTest.dll" adapterTypeName="Microsoft.VisualStudio.TestTools.TestTypes.Unit.UnitTestAdapter, Microsoft.VisualStudio.QualityTools.Tips.UnitTest.Adapter, Version=9.0.0.0, Culture=neutral, PublicKeyToken=b03f5f7f11d50a3a" className="BillingSystemTest.BillingTest, BillingSystemTest" name="GetNetPayableAmountForOldCustomerTest4" />
    </UnitTest>
    <UnitTest name="GetNetPayableAmountForNewCustomerTest5" storage="c:\users\mohit\desktop\billingassignment\billingsystemtest\bin\debug\billingsystemtest.dll" id="3c24a4b2-6ed6-ee08-df7a-1872127fbb41">
      <Css projectStructure="" iteration="" />
      <Owners>
        <Owner name="" />
      </Owners>
      <Execution id="db3e07e9-09c9-43a6-bf6c-396ea263297f" />
      <TestMethod codeBase="C:\Users\Mohit\Desktop\BillingAssignment\BillingSystemTest\bin\Debug\BillingSystemTest.dll" adapterTypeName="Microsoft.VisualStudio.TestTools.TestTypes.Unit.UnitTestAdapter, Microsoft.VisualStudio.QualityTools.Tips.UnitTest.Adapter, Version=9.0.0.0, Culture=neutral, PublicKeyToken=b03f5f7f11d50a3a" className="BillingSystemTest.BillingTest, BillingSystemTest" name="GetNetPayableAmountForNewCustomerTest5" />
    </UnitTest>
    <UnitTest name="GetNetPayableAmountForEmployeeTest2" storage="c:\users\mohit\desktop\billingassignment\billingsystemtest\bin\debug\billingsystemtest.dll" id="fca2c718-fe7d-a1b2-3c60-d5275f5b2cd4">
      <Css projectStructure="" iteration="" />
      <Owners>
        <Owner name="" />
      </Owners>
      <Execution id="74d3fce9-3f50-436a-9dd5-80f6fcecca85" />
      <TestMethod codeBase="C:\Users\Mohit\Desktop\BillingAssignment\BillingSystemTest\bin\Debug\BillingSystemTest.dll" adapterTypeName="Microsoft.VisualStudio.TestTools.TestTypes.Unit.UnitTestAdapter, Microsoft.VisualStudio.QualityTools.Tips.UnitTest.Adapter, Version=9.0.0.0, Culture=neutral, PublicKeyToken=b03f5f7f11d50a3a" className="BillingSystemTest.BillingTest, BillingSystemTest" name="GetNetPayableAmountForEmployeeTest2" />
    </UnitTest>
    <UnitTest name="GetNetPayableAmountForAffiliateTest3" storage="c:\users\mohit\desktop\billingassignment\billingsystemtest\bin\debug\billingsystemtest.dll" id="47a67b64-0292-7198-0fb6-23372ca1b25a">
      <Css projectStructure="" iteration="" />
      <Owners>
        <Owner name="" />
      </Owners>
      <Execution id="4c2c8e0c-dcc9-44e7-948a-aa52fb37df57" />
      <TestMethod codeBase="C:\Users\Mohit\Desktop\BillingAssignment\BillingSystemTest\bin\Debug\BillingSystemTest.dll" adapterTypeName="Microsoft.VisualStudio.TestTools.TestTypes.Unit.UnitTestAdapter, Microsoft.VisualStudio.QualityTools.Tips.UnitTest.Adapter, Version=9.0.0.0, Culture=neutral, PublicKeyToken=b03f5f7f11d50a3a" className="BillingSystemTest.BillingTest, BillingSystemTest" name="GetNetPayableAmountForAffiliateTest3" />
    </UnitTest>
    <UnitTest name="GetNetPayableAmountForNewCustomerTest3" storage="c:\users\mohit\desktop\billingassignment\billingsystemtest\bin\debug\billingsystemtest.dll" id="b5390676-553e-d687-b2d5-e09cf7a21928">
      <Css projectStructure="" iteration="" />
      <Owners>
        <Owner name="" />
      </Owners>
      <Execution id="192e980f-85cd-4854-90b0-201fd5fd82fd" />
      <TestMethod codeBase="C:\Users\Mohit\Desktop\BillingAssignment\BillingSystemTest\bin\Debug\BillingSystemTest.dll" adapterTypeName="Microsoft.VisualStudio.TestTools.TestTypes.Unit.UnitTestAdapter, Microsoft.VisualStudio.QualityTools.Tips.UnitTest.Adapter, Version=9.0.0.0, Culture=neutral, PublicKeyToken=b03f5f7f11d50a3a" className="BillingSystemTest.BillingTest, BillingSystemTest" name="GetNetPayableAmountForNewCustomerTest3" />
    </UnitTest>
    <UnitTest name="GetNetPayableAmountForOldCustomerTest5" storage="c:\users\mohit\desktop\billingassignment\billingsystemtest\bin\debug\billingsystemtest.dll" id="2221a06d-d07a-04c5-a61c-604f896c18ad">
      <Css projectStructure="" iteration="" />
      <Owners>
        <Owner name="" />
      </Owners>
      <Execution id="a4919e4e-a445-4967-b8b6-a3bced8d19f5" />
      <TestMethod codeBase="C:\Users\Mohit\Desktop\BillingAssignment\BillingSystemTest\bin\Debug\BillingSystemTest.dll" adapterTypeName="Microsoft.VisualStudio.TestTools.TestTypes.Unit.UnitTestAdapter, Microsoft.VisualStudio.QualityTools.Tips.UnitTest.Adapter, Version=9.0.0.0, Culture=neutral, PublicKeyToken=b03f5f7f11d50a3a" className="BillingSystemTest.BillingTest, BillingSystemTest" name="GetNetPayableAmountForOldCustomerTest5" />
    </UnitTest>
    <UnitTest name="GetNetPayableAmountForOldCustomerTest2" storage="c:\users\mohit\desktop\billingassignment\billingsystemtest\bin\debug\billingsystemtest.dll" id="bb769f92-859f-a5d9-5d04-32b54afe68ef">
      <Css projectStructure="" iteration="" />
      <Owners>
        <Owner name="" />
      </Owners>
      <Execution id="51036497-898d-4f9c-8823-8285950ae1ad" />
      <TestMethod codeBase="C:\Users\Mohit\Desktop\BillingAssignment\BillingSystemTest\bin\Debug\BillingSystemTest.dll" adapterTypeName="Microsoft.VisualStudio.TestTools.TestTypes.Unit.UnitTestAdapter, Microsoft.VisualStudio.QualityTools.Tips.UnitTest.Adapter, Version=9.0.0.0, Culture=neutral, PublicKeyToken=b03f5f7f11d50a3a" className="BillingSystemTest.BillingTest, BillingSystemTest" name="GetNetPayableAmountForOldCustomerTest2" />
    </UnitTest>
    <UnitTest name="GetNetPayableAmountForAffiliateTest5" storage="c:\users\mohit\desktop\billingassignment\billingsystemtest\bin\debug\billingsystemtest.dll" id="d595561c-f592-55d5-d23a-b8add186deab">
      <Css projectStructure="" iteration="" />
      <Owners>
        <Owner name="" />
      </Owners>
      <Execution id="86673ffa-96ac-4d22-80e7-3a6476bf674c" />
      <TestMethod codeBase="C:\Users\Mohit\Desktop\BillingAssignment\BillingSystemTest\bin\Debug\BillingSystemTest.dll" adapterTypeName="Microsoft.VisualStudio.TestTools.TestTypes.Unit.UnitTestAdapter, Microsoft.VisualStudio.QualityTools.Tips.UnitTest.Adapter, Version=9.0.0.0, Culture=neutral, PublicKeyToken=b03f5f7f11d50a3a" className="BillingSystemTest.BillingTest, BillingSystemTest" name="GetNetPayableAmountForAffiliateTest5" />
    </UnitTest>
    <UnitTest name="GetNetPayableAmountForNewCustomerTest4" storage="c:\users\mohit\desktop\billingassignment\billingsystemtest\bin\debug\billingsystemtest.dll" id="eb6b2cd2-a851-6a1c-db7b-2445f928f758">
      <Css projectStructure="" iteration="" />
      <Owners>
        <Owner name="" />
      </Owners>
      <Execution id="6f52e9a7-62b4-463c-9eae-71f19926a5c2" />
      <TestMethod codeBase="C:\Users\Mohit\Desktop\BillingAssignment\BillingSystemTest\bin\Debug\BillingSystemTest.dll" adapterTypeName="Microsoft.VisualStudio.TestTools.TestTypes.Unit.UnitTestAdapter, Microsoft.VisualStudio.QualityTools.Tips.UnitTest.Adapter, Version=9.0.0.0, Culture=neutral, PublicKeyToken=b03f5f7f11d50a3a" className="BillingSystemTest.BillingTest, BillingSystemTest" name="GetNetPayableAmountForNewCustomerTest4" />
    </UnitTest>
    <UnitTest name="GetNetPayableAmountForAffiliateTest4" storage="c:\users\mohit\desktop\billingassignment\billingsystemtest\bin\debug\billingsystemtest.dll" id="623caa82-68f1-1389-c865-be9b0a8327d1">
      <Css projectStructure="" iteration="" />
      <Owners>
        <Owner name="" />
      </Owners>
      <Execution id="56075274-6b39-48bf-8850-e1c6b3c6564d" />
      <TestMethod codeBase="C:\Users\Mohit\Desktop\BillingAssignment\BillingSystemTest\bin\Debug\BillingSystemTest.dll" adapterTypeName="Microsoft.VisualStudio.TestTools.TestTypes.Unit.UnitTestAdapter, Microsoft.VisualStudio.QualityTools.Tips.UnitTest.Adapter, Version=9.0.0.0, Culture=neutral, PublicKeyToken=b03f5f7f11d50a3a" className="BillingSystemTest.BillingTest, BillingSystemTest" name="GetNetPayableAmountForAffiliateTest4" />
    </UnitTest>
    <UnitTest name="GetNetPayableAmountForEmployeeTest3" storage="c:\users\mohit\desktop\billingassignment\billingsystemtest\bin\debug\billingsystemtest.dll" id="f829d9cf-41ae-6f89-4b08-bace973282c0">
      <Css projectStructure="" iteration="" />
      <Owners>
        <Owner name="" />
      </Owners>
      <Execution id="7e113717-d470-4e2d-8595-2bff5a6fbc85" />
      <TestMethod codeBase="C:\Users\Mohit\Desktop\BillingAssignment\BillingSystemTest\bin\Debug\BillingSystemTest.dll" adapterTypeName="Microsoft.VisualStudio.TestTools.TestTypes.Unit.UnitTestAdapter, Microsoft.VisualStudio.QualityTools.Tips.UnitTest.Adapter, Version=9.0.0.0, Culture=neutral, PublicKeyToken=b03f5f7f11d50a3a" className="BillingSystemTest.BillingTest, BillingSystemTest" name="GetNetPayableAmountForEmployeeTest3" />
    </UnitTest>
  </TestDefinitions>
  <TestLists>
    <TestList name="Results Not in a List" id="8c84fa94-04c1-424b-9868-57a2d4851a1d" />
    <TestList name="All Loaded Results" id="19431567-8539-422a-85d7-44ee4e166bda" />
  </TestLists>
  <TestEntries>
    <TestEntry testId="fd35dd91-ae60-7064-3deb-c3f9b2fb29d8" executionId="2434534a-4f36-496c-83ec-d57883b34967" testListId="8c84fa94-04c1-424b-9868-57a2d4851a1d" />
    <TestEntry testId="fca2c718-fe7d-a1b2-3c60-d5275f5b2cd4" executionId="74d3fce9-3f50-436a-9dd5-80f6fcecca85" testListId="8c84fa94-04c1-424b-9868-57a2d4851a1d" />
    <TestEntry testId="f829d9cf-41ae-6f89-4b08-bace973282c0" executionId="7e113717-d470-4e2d-8595-2bff5a6fbc85" testListId="8c84fa94-04c1-424b-9868-57a2d4851a1d" />
    <TestEntry testId="2c5fdff4-5410-05e0-c2c5-143de03fa61e" executionId="46f11d94-4560-4ed6-a4dd-b7f84d583070" testListId="8c84fa94-04c1-424b-9868-57a2d4851a1d" />
    <TestEntry testId="afa450e5-e425-6551-ae4a-c2b96d7c9af2" executionId="478ec827-37cb-4b60-9fe9-a5756f0e2f2e" testListId="8c84fa94-04c1-424b-9868-57a2d4851a1d" />
    <TestEntry testId="535e9d88-86a6-0b91-aee4-6133c5c45a12" executionId="7bc10a58-dda2-4d3f-bf26-613984f1bcc8" testListId="8c84fa94-04c1-424b-9868-57a2d4851a1d" />
    <TestEntry testId="300606c3-33e3-aec8-f796-6a016df93860" executionId="2a121d4d-8ad8-4325-8647-d12141cc11ea" testListId="8c84fa94-04c1-424b-9868-57a2d4851a1d" />
    <TestEntry testId="ec0043ce-d399-167e-fa7e-c22cc11c3609" executionId="08683a61-e167-4e8d-b3e8-cfcec243497a" testListId="8c84fa94-04c1-424b-9868-57a2d4851a1d" />
    <TestEntry testId="ad26a200-cf7e-af92-62b4-82a873efa71c" executionId="b1f7e0e8-75bf-470d-b606-58a35430c123" testListId="8c84fa94-04c1-424b-9868-57a2d4851a1d" />
    <TestEntry testId="47a67b64-0292-7198-0fb6-23372ca1b25a" executionId="4c2c8e0c-dcc9-44e7-948a-aa52fb37df57" testListId="8c84fa94-04c1-424b-9868-57a2d4851a1d" />
    <TestEntry testId="623caa82-68f1-1389-c865-be9b0a8327d1" executionId="56075274-6b39-48bf-8850-e1c6b3c6564d" testListId="8c84fa94-04c1-424b-9868-57a2d4851a1d" />
    <TestEntry testId="d595561c-f592-55d5-d23a-b8add186deab" executionId="86673ffa-96ac-4d22-80e7-3a6476bf674c" testListId="8c84fa94-04c1-424b-9868-57a2d4851a1d" />
    <TestEntry testId="d281be4e-8b53-7424-538e-c01cc836e4af" executionId="077847bc-020a-4fca-8d2c-0faecfcb6a98" testListId="8c84fa94-04c1-424b-9868-57a2d4851a1d" />
    <TestEntry testId="ed129598-1766-8f31-57dd-1b937d7bead6" executionId="0e29a92f-4979-4c57-931f-9d3246a3e5ad" testListId="8c84fa94-04c1-424b-9868-57a2d4851a1d" />
    <TestEntry testId="6f2ccb11-3f16-d7c9-56c7-2166695b1451" executionId="3dc6bd18-e1e3-4e5d-935f-d82ee4523955" testListId="8c84fa94-04c1-424b-9868-57a2d4851a1d" />
    <TestEntry testId="bb769f92-859f-a5d9-5d04-32b54afe68ef" executionId="51036497-898d-4f9c-8823-8285950ae1ad" testListId="8c84fa94-04c1-424b-9868-57a2d4851a1d" />
    <TestEntry testId="df15e071-e3e2-946d-1d66-be86fb09a02c" executionId="063b3b3c-6fa7-4a1c-b113-0167447156b2" testListId="8c84fa94-04c1-424b-9868-57a2d4851a1d" />
    <TestEntry testId="826cf97b-adf4-7c81-2034-a6c2f72e34c0" executionId="acb61cd7-3677-44b3-99c2-6342c26946fe" testListId="8c84fa94-04c1-424b-9868-57a2d4851a1d" />
    <TestEntry testId="2221a06d-d07a-04c5-a61c-604f896c18ad" executionId="a4919e4e-a445-4967-b8b6-a3bced8d19f5" testListId="8c84fa94-04c1-424b-9868-57a2d4851a1d" />
    <TestEntry testId="b4844ae5-6ae3-5b21-90f2-d5409585adcc" executionId="b61613bc-2088-4dcc-b67d-f9af620c4921" testListId="8c84fa94-04c1-424b-9868-57a2d4851a1d" />
    <TestEntry testId="f0363f9a-f46f-f390-acb9-76ed748600ec" executionId="16cc70ea-860d-4e15-997e-98296a7a8f9e" testListId="8c84fa94-04c1-424b-9868-57a2d4851a1d" />
    <TestEntry testId="7498fcef-b32e-381e-8e8d-69142405f1c6" executionId="588f7cd2-a9f0-40fc-8a3f-4bfa2fea82ac" testListId="8c84fa94-04c1-424b-9868-57a2d4851a1d" />
    <TestEntry testId="6ea096e4-116e-44fe-5b0d-f9b384ccc2f1" executionId="be5e10a6-acc8-40fe-9f69-68c5ba5215a0" testListId="8c84fa94-04c1-424b-9868-57a2d4851a1d" />
    <TestEntry testId="b5390676-553e-d687-b2d5-e09cf7a21928" executionId="192e980f-85cd-4854-90b0-201fd5fd82fd" testListId="8c84fa94-04c1-424b-9868-57a2d4851a1d" />
    <TestEntry testId="eb6b2cd2-a851-6a1c-db7b-2445f928f758" executionId="6f52e9a7-62b4-463c-9eae-71f19926a5c2" testListId="8c84fa94-04c1-424b-9868-57a2d4851a1d" />
    <TestEntry testId="3c24a4b2-6ed6-ee08-df7a-1872127fbb41" executionId="db3e07e9-09c9-43a6-bf6c-396ea263297f" testListId="8c84fa94-04c1-424b-9868-57a2d4851a1d" />
    <TestEntry testId="1eef37f2-0d42-431e-1fda-2c31a44807f0" executionId="7c36ed34-0ce2-4a0c-8e32-c138a85000e5" testListId="8c84fa94-04c1-424b-9868-57a2d4851a1d" />
    <TestEntry testId="0c808958-6382-0cc6-29a1-012b8a660ebf" executionId="4a6ad046-f49d-4964-acc5-7a718f4f0c05" testListId="8c84fa94-04c1-424b-9868-57a2d4851a1d" />
  </TestEntries>
  <Results>
    <UnitTestResult executionId="2434534a-4f36-496c-83ec-d57883b34967" testId="fd35dd91-ae60-7064-3deb-c3f9b2fb29d8" testName="GetNetPayableAmountForEmployeeTest1" computerName="ROCKY" duration="00:00:00.0194914" startTime="2012-05-07T16:23:57.5410863+05:30" endTime="2012-05-07T16:23:58.0820863+05:30" testType="13cdc9d9-ddb5-4fa4-a97d-d965ccfc6d4b" outcome="Passed" testListId="8c84fa94-04c1-424b-9868-57a2d4851a1d">
      <Output>
      </Output>
    </UnitTestResult>
    <UnitTestResult executionId="74d3fce9-3f50-436a-9dd5-80f6fcecca85" testId="fca2c718-fe7d-a1b2-3c60-d5275f5b2cd4" testName="GetNetPayableAmountForEmployeeTest2" computerName="ROCKY" duration="00:00:00.0004164" startTime="2012-05-07T16:23:58.0870863+05:30" endTime="2012-05-07T16:23:58.0910863+05:30" testType="13cdc9d9-ddb5-4fa4-a97d-d965ccfc6d4b" outcome="Passed" testListId="8c84fa94-04c1-424b-9868-57a2d4851a1d">
      <Output>
      </Output>
    </UnitTestResult>
    <UnitTestResult executionId="7e113717-d470-4e2d-8595-2bff5a6fbc85" testId="f829d9cf-41ae-6f89-4b08-bace973282c0" testName="GetNetPayableAmountForEmployeeTest3" computerName="ROCKY" duration="00:00:00.0002946" startTime="2012-05-07T16:23:58.0970863+05:30" endTime="2012-05-07T16:23:58.1000863+05:30" testType="13cdc9d9-ddb5-4fa4-a97d-d965ccfc6d4b" outcome="Passed" testListId="8c84fa94-04c1-424b-9868-57a2d4851a1d">
      <Output>
      </Output>
    </UnitTestResult>
    <UnitTestResult executionId="46f11d94-4560-4ed6-a4dd-b7f84d583070" testId="2c5fdff4-5410-05e0-c2c5-143de03fa61e" testName="GetNetPayableAmountForEmployeeTest4" computerName="ROCKY" duration="00:00:00.0003068" startTime="2012-05-07T16:23:58.1090863+05:30" endTime="2012-05-07T16:23:58.1130863+05:30" testType="13cdc9d9-ddb5-4fa4-a97d-d965ccfc6d4b" outcome="Passed" testListId="8c84fa94-04c1-424b-9868-57a2d4851a1d">
      <Output>
      </Output>
    </UnitTestResult>
    <UnitTestResult executionId="478ec827-37cb-4b60-9fe9-a5756f0e2f2e" testId="afa450e5-e425-6551-ae4a-c2b96d7c9af2" testName="GetNetPayableAmountForEmployeeTest5" computerName="ROCKY" duration="00:00:00.0002941" startTime="2012-05-07T16:23:58.1210863+05:30" endTime="2012-05-07T16:23:58.1250863+05:30" testType="13cdc9d9-ddb5-4fa4-a97d-d965ccfc6d4b" outcome="Passed" testListId="8c84fa94-04c1-424b-9868-57a2d4851a1d">
      <Output>
      </Output>
    </UnitTestResult>
    <UnitTestResult executionId="7bc10a58-dda2-4d3f-bf26-613984f1bcc8" testId="535e9d88-86a6-0b91-aee4-6133c5c45a12" testName="GetNetPayableAmountForEmployeeTest6" computerName="ROCKY" duration="00:00:00.0002936" startTime="2012-05-07T16:23:58.1300863+05:30" endTime="2012-05-07T16:23:58.1340863+05:30" testType="13cdc9d9-ddb5-4fa4-a97d-d965ccfc6d4b" outcome="Passed" testListId="8c84fa94-04c1-424b-9868-57a2d4851a1d">
      <Output>
      </Output>
    </UnitTestResult>
    <UnitTestResult executionId="2a121d4d-8ad8-4325-8647-d12141cc11ea" testId="300606c3-33e3-aec8-f796-6a016df93860" testName="GetNetPayableAmountForEmployeeTest7" computerName="ROCKY" duration="00:00:00.0002977" startTime="2012-05-07T16:23:58.1390863+05:30" endTime="2012-05-07T16:23:58.1430863+05:30" testType="13cdc9d9-ddb5-4fa4-a97d-d965ccfc6d4b" outcome="Passed" testListId="8c84fa94-04c1-424b-9868-57a2d4851a1d">
      <Output>
      </Output>
    </UnitTestResult>
    <UnitTestResult executionId="08683a61-e167-4e8d-b3e8-cfcec243497a" testId="ec0043ce-d399-167e-fa7e-c22cc11c3609" testName="GetNetPayableAmountForAffiliateTest1" computerName="ROCKY" duration="00:00:00.0003763" startTime="2012-05-07T16:23:58.1500863+05:30" endTime="2012-05-07T16:23:58.1540863+05:30" testType="13cdc9d9-ddb5-4fa4-a97d-d965ccfc6d4b" outcome="Passed" testListId="8c84fa94-04c1-424b-9868-57a2d4851a1d">
      <Output>
      </Output>
    </UnitTestResult>
    <UnitTestResult executionId="b1f7e0e8-75bf-470d-b606-58a35430c123" testId="ad26a200-cf7e-af92-62b4-82a873efa71c" testName="GetNetPayableAmountForAffiliateTest2" computerName="ROCKY" duration="00:00:00.0003077" startTime="2012-05-07T16:23:58.1590863+05:30" endTime="2012-05-07T16:23:58.1630863+05:30" testType="13cdc9d9-ddb5-4fa4-a97d-d965ccfc6d4b" outcome="Passed" testListId="8c84fa94-04c1-424b-9868-57a2d4851a1d">
      <Output>
      </Output>
    </UnitTestResult>
    <UnitTestResult executionId="4c2c8e0c-dcc9-44e7-948a-aa52fb37df57" testId="47a67b64-0292-7198-0fb6-23372ca1b25a" testName="GetNetPayableAmountForAffiliateTest3" computerName="ROCKY" duration="00:00:00.0003052" startTime="2012-05-07T16:23:58.1680863+05:30" endTime="2012-05-07T16:23:58.1720863+05:30" testType="13cdc9d9-ddb5-4fa4-a97d-d965ccfc6d4b" outcome="Passed" testListId="8c84fa94-04c1-424b-9868-57a2d4851a1d">
      <Output>
      </Output>
    </UnitTestResult>
    <UnitTestResult executionId="56075274-6b39-48bf-8850-e1c6b3c6564d" testId="623caa82-68f1-1389-c865-be9b0a8327d1" testName="GetNetPayableAmountForAffiliateTest4" computerName="ROCKY" duration="00:00:00.0003231" startTime="2012-05-07T16:23:58.1780863+05:30" endTime="2012-05-07T16:23:58.1810863+05:30" testType="13cdc9d9-ddb5-4fa4-a97d-d965ccfc6d4b" outcome="Passed" testListId="8c84fa94-04c1-424b-9868-57a2d4851a1d">
      <Output>
      </Output>
    </UnitTestResult>
    <UnitTestResult executionId="86673ffa-96ac-4d22-80e7-3a6476bf674c" testId="d595561c-f592-55d5-d23a-b8add186deab" testName="GetNetPayableAmountForAffiliateTest5" computerName="ROCKY" duration="00:00:00.0003096" startTime="2012-05-07T16:23:58.1900863+05:30" endTime="2012-05-07T16:23:58.1930863+05:30" testType="13cdc9d9-ddb5-4fa4-a97d-d965ccfc6d4b" outcome="Passed" testListId="8c84fa94-04c1-424b-9868-57a2d4851a1d">
      <Output>
      </Output>
    </UnitTestResult>
    <UnitTestResult executionId="077847bc-020a-4fca-8d2c-0faecfcb6a98" testId="d281be4e-8b53-7424-538e-c01cc836e4af" testName="GetNetPayableAmountForAffiliateTest6" computerName="ROCKY" duration="00:00:00.0003557" startTime="2012-05-07T16:23:58.1970863+05:30" endTime="2012-05-07T16:23:58.2000863+05:30" testType="13cdc9d9-ddb5-4fa4-a97d-d965ccfc6d4b" outcome="Passed" testListId="8c84fa94-04c1-424b-9868-57a2d4851a1d">
      <Output>
      </Output>
    </UnitTestResult>
    <UnitTestResult executionId="0e29a92f-4979-4c57-931f-9d3246a3e5ad" testId="ed129598-1766-8f31-57dd-1b937d7bead6" testName="GetNetPayableAmountForAffiliateTest7" computerName="ROCKY" duration="00:00:00.0002956" startTime="2012-05-07T16:23:58.2060863+05:30" endTime="2012-05-07T16:23:58.2080863+05:30" testType="13cdc9d9-ddb5-4fa4-a97d-d965ccfc6d4b" outcome="Passed" testListId="8c84fa94-04c1-424b-9868-57a2d4851a1d">
      <Output>
      </Output>
    </UnitTestResult>
    <UnitTestResult executionId="3dc6bd18-e1e3-4e5d-935f-d82ee4523955" testId="6f2ccb11-3f16-d7c9-56c7-2166695b1451" testName="GetNetPayableAmountForOldCustomerTest1" computerName="ROCKY" duration="00:00:00.0013158" startTime="2012-05-07T16:23:58.2130863+05:30" endTime="2012-05-07T16:23:58.2160863+05:30" testType="13cdc9d9-ddb5-4fa4-a97d-d965ccfc6d4b" outcome="Passed" testListId="8c84fa94-04c1-424b-9868-57a2d4851a1d">
      <Output>
      </Output>
    </UnitTestResult>
    <UnitTestResult executionId="51036497-898d-4f9c-8823-8285950ae1ad" testId="bb769f92-859f-a5d9-5d04-32b54afe68ef" testName="GetNetPayableAmountForOldCustomerTest2" computerName="ROCKY" duration="00:00:00.0003534" startTime="2012-05-07T16:23:58.2210863+05:30" endTime="2012-05-07T16:23:58.2230863+05:30" testType="13cdc9d9-ddb5-4fa4-a97d-d965ccfc6d4b" outcome="Passed" testListId="8c84fa94-04c1-424b-9868-57a2d4851a1d">
      <Output>
      </Output>
    </UnitTestResult>
    <UnitTestResult executionId="063b3b3c-6fa7-4a1c-b113-0167447156b2" testId="df15e071-e3e2-946d-1d66-be86fb09a02c" testName="GetNetPayableAmountForOldCustomerTest3" computerName="ROCKY" duration="00:00:00.0003804" startTime="2012-05-07T16:23:58.2270863+05:30" endTime="2012-05-07T16:23:58.2300863+05:30" testType="13cdc9d9-ddb5-4fa4-a97d-d965ccfc6d4b" outcome="Passed" testListId="8c84fa94-04c1-424b-9868-57a2d4851a1d">
      <Output>
      </Output>
    </UnitTestResult>
    <UnitTestResult executionId="acb61cd7-3677-44b3-99c2-6342c26946fe" testId="826cf97b-adf4-7c81-2034-a6c2f72e34c0" testName="GetNetPayableAmountForOldCustomerTest4" computerName="ROCKY" duration="00:00:00.0003888" startTime="2012-05-07T16:23:58.2520863+05:30" endTime="2012-05-07T16:23:58.2610863+05:30" testType="13cdc9d9-ddb5-4fa4-a97d-d965ccfc6d4b" outcome="Passed" testListId="8c84fa94-04c1-424b-9868-57a2d4851a1d">
      <Output>
      </Output>
    </UnitTestResult>
    <UnitTestResult executionId="a4919e4e-a445-4967-b8b6-a3bced8d19f5" testId="2221a06d-d07a-04c5-a61c-604f896c18ad" testName="GetNetPayableAmountForOldCustomerTest5" computerName="ROCKY" duration="00:00:00.0004856" startTime="2012-05-07T16:23:58.2680863+05:30" endTime="2012-05-07T16:23:58.2740863+05:30" testType="13cdc9d9-ddb5-4fa4-a97d-d965ccfc6d4b" outcome="Passed" testListId="8c84fa94-04c1-424b-9868-57a2d4851a1d">
      <Output>
      </Output>
    </UnitTestResult>
    <UnitTestResult executionId="b61613bc-2088-4dcc-b67d-f9af620c4921" testId="b4844ae5-6ae3-5b21-90f2-d5409585adcc" testName="GetNetPayableAmountForOldCustomerTest6" computerName="ROCKY" duration="00:00:00.0004115" startTime="2012-05-07T16:23:58.2810863+05:30" endTime="2012-05-07T16:23:58.2870863+05:30" testType="13cdc9d9-ddb5-4fa4-a97d-d965ccfc6d4b" outcome="Passed" testListId="8c84fa94-04c1-424b-9868-57a2d4851a1d">
      <Output>
      </Output>
    </UnitTestResult>
    <UnitTestResult executionId="16cc70ea-860d-4e15-997e-98296a7a8f9e" testId="f0363f9a-f46f-f390-acb9-76ed748600ec" testName="GetNetPayableAmountForOldCustomerTest7" computerName="ROCKY" duration="00:00:00.0003904" startTime="2012-05-07T16:23:58.2950863+05:30" endTime="2012-05-07T16:23:58.2990863+05:30" testType="13cdc9d9-ddb5-4fa4-a97d-d965ccfc6d4b" outcome="Passed" testListId="8c84fa94-04c1-424b-9868-57a2d4851a1d">
      <Output>
      </Output>
    </UnitTestResult>
    <UnitTestResult executionId="588f7cd2-a9f0-40fc-8a3f-4bfa2fea82ac" testId="7498fcef-b32e-381e-8e8d-69142405f1c6" testName="GetNetPayableAmountForNewCustomerTest1" computerName="ROCKY" duration="00:00:00.0003876" startTime="2012-05-07T16:23:58.3050863+05:30" endTime="2012-05-07T16:23:58.3090863+05:30" testType="13cdc9d9-ddb5-4fa4-a97d-d965ccfc6d4b" outcome="Passed" testListId="8c84fa94-04c1-424b-9868-57a2d4851a1d">
      <Output>
      </Output>
    </UnitTestResult>
    <UnitTestResult executionId="be5e10a6-acc8-40fe-9f69-68c5ba5215a0" testId="6ea096e4-116e-44fe-5b0d-f9b384ccc2f1" testName="GetNetPayableAmountForNewCustomerTest2" computerName="ROCKY" duration="00:00:00.0003710" startTime="2012-05-07T16:23:58.3150863+05:30" endTime="2012-05-07T16:23:58.3180863+05:30" testType="13cdc9d9-ddb5-4fa4-a97d-d965ccfc6d4b" outcome="Passed" testListId="8c84fa94-04c1-424b-9868-57a2d4851a1d">
      <Output>
      </Output>
    </UnitTestResult>
    <UnitTestResult executionId="192e980f-85cd-4854-90b0-201fd5fd82fd" testId="b5390676-553e-d687-b2d5-e09cf7a21928" testName="GetNetPayableAmountForNewCustomerTest3" computerName="ROCKY" duration="00:00:00.0003812" startTime="2012-05-07T16:23:58.3430863+05:30" endTime="2012-05-07T16:23:58.3490863+05:30" testType="13cdc9d9-ddb5-4fa4-a97d-d965ccfc6d4b" outcome="Passed" testListId="8c84fa94-04c1-424b-9868-57a2d4851a1d">
      <Output>
      </Output>
    </UnitTestResult>
    <UnitTestResult executionId="6f52e9a7-62b4-463c-9eae-71f19926a5c2" testId="eb6b2cd2-a851-6a1c-db7b-2445f928f758" testName="GetNetPayableAmountForNewCustomerTest4" computerName="ROCKY" duration="00:00:00.0003939" startTime="2012-05-07T16:23:58.3580863+05:30" endTime="2012-05-07T16:23:58.3740863+05:30" testType="13cdc9d9-ddb5-4fa4-a97d-d965ccfc6d4b" outcome="Passed" testListId="8c84fa94-04c1-424b-9868-57a2d4851a1d">
      <Output>
      </Output>
    </UnitTestResult>
    <UnitTestResult executionId="db3e07e9-09c9-43a6-bf6c-396ea263297f" testId="3c24a4b2-6ed6-ee08-df7a-1872127fbb41" testName="GetNetPayableAmountForNewCustomerTest5" computerName="ROCKY" duration="00:00:00.0003876" startTime="2012-05-07T16:23:58.3810863+05:30" endTime="2012-05-07T16:23:58.3850863+05:30" testType="13cdc9d9-ddb5-4fa4-a97d-d965ccfc6d4b" outcome="Passed" testListId="8c84fa94-04c1-424b-9868-57a2d4851a1d">
      <Output>
      </Output>
    </UnitTestResult>
    <UnitTestResult executionId="7c36ed34-0ce2-4a0c-8e32-c138a85000e5" testId="1eef37f2-0d42-431e-1fda-2c31a44807f0" testName="GetNetPayableAmountForNewCustomerTest6" computerName="ROCKY" duration="00:00:00.0003799" startTime="2012-05-07T16:23:58.3930863+05:30" endTime="2012-05-07T16:23:58.4000863+05:30" testType="13cdc9d9-ddb5-4fa4-a97d-d965ccfc6d4b" outcome="Passed" testListId="8c84fa94-04c1-424b-9868-57a2d4851a1d">
      <Output>
      </Output>
    </UnitTestResult>
    <UnitTestResult executionId="4a6ad046-f49d-4964-acc5-7a718f4f0c05" testId="0c808958-6382-0cc6-29a1-012b8a660ebf" testName="GetNetPayableAmountForNewCustomerTest7" computerName="ROCKY" duration="00:00:00.0004161" startTime="2012-05-07T16:23:58.4070863+05:30" endTime="2012-05-07T16:23:58.4120863+05:30" testType="13cdc9d9-ddb5-4fa4-a97d-d965ccfc6d4b" outcome="Passed" testListId="8c84fa94-04c1-424b-9868-57a2d4851a1d">
      <Output>
      </Output>
    </UnitTestResult>
  </Results>
</TestRun>